Building Legato for target 'localhost'
make[1]: Entering directory '/home/zhaoming/legato'
Building Legato for target 'localhost'
  GEN       version
  MAKE      tools
make[2]: Entering directory '/home/zhaoming/legato'
Using ninja installed at: /usr/bin/ninja
  MAKE      mkPatch
make[3]: Entering directory '/home/zhaoming/legato/framework/tools/mkPatch'
make[3]: '/home/zhaoming/legato/bin/mkPatch' is up to date.
make[3]: Leaving directory '/home/zhaoming/legato/framework/tools/mkPatch'
  NINJA     /home/zhaoming/legato/build/tools/build.ninja
ninja: no work to do.
make[2]: Leaving directory '/home/zhaoming/legato'
  GEN       sources.md5
  GEN       package.properties
  MAKE      framework
make[2]: Entering directory '/home/zhaoming/legato'
  NINJA     /home/zhaoming/legato/build/localhost/framework/build.ninja
ninja: no work to do.
  MKEXE     /home/zhaoming/legato/build/localhost/framework/bin/supervisor
** WARNING: Failed to receive sysroot path from compiler '/usr/bin//gcc --print-sysroot' (errno: Success).
[1/55] Generating IPC interface code
FAILED: /home/zhaoming/legato/build/localhost/framework/supervisor/api/eb6afdf8ba42ce6edded42690675c091/le_instStat_common.h /home/zhaoming/legato/build/localhost/framework/supervisor/api/eb6afdf8ba42ce6edded42690675c091/le_instStat_messages.h 
ifgen --output-dir /home/zhaoming/legato/build/localhost/framework/supervisor/api/eb6afdf8ba42ce6edded42690675c091 --gen-common-interface --gen-messages --import-dir /home/zhaoming/legato/interfaces --import-dir /home/zhaoming/legato/framework/include --import-dir /home/zhaoming/legato/build/localhost/framework/include --import-dir /home/zhaoming/legato/build/localhost/framework/include --import-dir /home/zhaoming/legato/framework/liblegato --import-dir /home/zhaoming/legato/framework/liblegato/linux --import-dir /home/zhaoming/legato/interfaces/supervisor --import-dir /home/zhaoming/legato/framework/daemons/linux/start --import-dir /home/zhaoming/legato/framework/daemons/linux/common --import-dir /home/zhaoming/legato/interfaces/platformLimits --import-dir . /home/zhaoming/legato/interfaces/le_instStat.api
Traceback (most recent call last):
  File "/home/zhaoming/legato/bin/ifgen", line 38, in <module>
    import interfaceParser
  File "/home/zhaoming/legato/framework/tools/ifgen/interfaceParser.py", line 4, in <module>
    from antlr3 import *
  File "/home/zhaoming/legato/framework/tools/ifgen/antlr3/__init__.py", line 151, in <module>
    from .streams import *
  File "/home/zhaoming/legato/framework/tools/ifgen/antlr3/streams.py", line 34, in <module>
    from .io import StringIO
ModuleNotFoundError: No module named 'antlr3.io'
[2/55] Generating IPC interface code
FAILED: /home/zhaoming/legato/build/localhost/framework/supervisor/api/eb6afdf8ba42ce6edded42690675c091/client/le_instStat_client.c /home/zhaoming/legato/build/localhost/framework/supervisor/api/eb6afdf8ba42ce6edded42690675c091/client/le_instStat_commonclient.c /home/zhaoming/legato/build/localhost/framework/supervisor/api/eb6afdf8ba42ce6edded42690675c091/client/le_instStat_interface.h /home/zhaoming/legato/build/localhost/framework/supervisor/api/eb6afdf8ba42ce6edded42690675c091/client/le_instStat_service.h 
ifgen --output-dir /home/zhaoming/legato/build/localhost/framework/supervisor/api/eb6afdf8ba42ce6edded42690675c091/client --gen-client --gen-common-client --gen-interface --gen-local --name-prefix le_instStat --import-dir /home/zhaoming/legato/interfaces --import-dir /home/zhaoming/legato/framework/include --import-dir /home/zhaoming/legato/build/localhost/framework/include --import-dir /home/zhaoming/legato/build/localhost/framework/include --import-dir /home/zhaoming/legato/framework/liblegato --import-dir /home/zhaoming/legato/framework/liblegato/linux --import-dir /home/zhaoming/legato/interfaces/supervisor --import-dir /home/zhaoming/legato/framework/daemons/linux/start --import-dir /home/zhaoming/legato/framework/daemons/linux/common --import-dir /home/zhaoming/legato/interfaces/platformLimits --import-dir . /home/zhaoming/legato/interfaces/le_instStat.api
Traceback (most recent call last):
  File "/home/zhaoming/legato/bin/ifgen", line 38, in <module>
    import interfaceParser
  File "/home/zhaoming/legato/framework/tools/ifgen/interfaceParser.py", line 4, in <module>
    from antlr3 import *
  File "/home/zhaoming/legato/framework/tools/ifgen/antlr3/__init__.py", line 151, in <module>
    from .streams import *
  File "/home/zhaoming/legato/framework/tools/ifgen/antlr3/streams.py", line 34, in <module>
    from .io import StringIO
ModuleNotFoundError: No module named 'antlr3.io'
[3/55] Generating IPC interface code
FAILED: /home/zhaoming/legato/build/localhost/framework/supervisor/api/bb7df177711ab31834b767927af35ef0/logFd_common.h /home/zhaoming/legato/build/localhost/framework/supervisor/api/bb7df177711ab31834b767927af35ef0/logFd_messages.h 
ifgen --output-dir /home/zhaoming/legato/build/localhost/framework/supervisor/api/bb7df177711ab31834b767927af35ef0 --gen-common-interface --gen-messages --import-dir /home/zhaoming/legato/interfaces --import-dir /home/zhaoming/legato/framework/include --import-dir /home/zhaoming/legato/build/localhost/framework/include --import-dir /home/zhaoming/legato/build/localhost/framework/include --import-dir /home/zhaoming/legato/framework/liblegato --import-dir /home/zhaoming/legato/framework/liblegato/linux --import-dir /home/zhaoming/legato/interfaces/supervisor --import-dir /home/zhaoming/legato/framework/daemons/linux/start --import-dir /home/zhaoming/legato/framework/daemons/linux/common --import-dir /home/zhaoming/legato/interfaces/platformLimits --import-dir . /home/zhaoming/legato/interfaces/logDaemon/logFd.api
Traceback (most recent call last):
  File "/home/zhaoming/legato/bin/ifgen", line 38, in <module>
    import interfaceParser
  File "/home/zhaoming/legato/framework/tools/ifgen/interfaceParser.py", line 4, in <module>
    from antlr3 import *
  File "/home/zhaoming/legato/framework/tools/ifgen/antlr3/__init__.py", line 151, in <module>
    from .streams import *
  File "/home/zhaoming/legato/framework/tools/ifgen/antlr3/streams.py", line 34, in <module>
    from .io import StringIO
ModuleNotFoundError: No module named 'antlr3.io'
[4/55] Generating IPC interface code
FAILED: /home/zhaoming/legato/build/localhost/framework/supervisor/api/acd84bb242bfbacde67f1525b4f688d4/le_cfg_common.h /home/zhaoming/legato/build/localhost/framework/supervisor/api/acd84bb242bfbacde67f1525b4f688d4/le_cfg_messages.h 
ifgen --output-dir /home/zhaoming/legato/build/localhost/framework/supervisor/api/acd84bb242bfbacde67f1525b4f688d4 --gen-common-interface --gen-messages --import-dir /home/zhaoming/legato/interfaces --import-dir /home/zhaoming/legato/framework/include --import-dir /home/zhaoming/legato/build/localhost/framework/include --import-dir /home/zhaoming/legato/build/localhost/framework/include --import-dir /home/zhaoming/legato/framework/liblegato --import-dir /home/zhaoming/legato/framework/liblegato/linux --import-dir /home/zhaoming/legato/interfaces/supervisor --import-dir /home/zhaoming/legato/framework/daemons/linux/start --import-dir /home/zhaoming/legato/framework/daemons/linux/common --import-dir /home/zhaoming/legato/interfaces/platformLimits --import-dir . /home/zhaoming/legato/interfaces/le_cfg.api
Traceback (most recent call last):
  File "/home/zhaoming/legato/bin/ifgen", line 38, in <module>
    import interfaceParser
  File "/home/zhaoming/legato/framework/tools/ifgen/interfaceParser.py", line 4, in <module>
    from antlr3 import *
  File "/home/zhaoming/legato/framework/tools/ifgen/antlr3/__init__.py", line 151, in <module>
    from .streams import *
  File "/home/zhaoming/legato/framework/tools/ifgen/antlr3/streams.py", line 34, in <module>
    from .io import StringIO
ModuleNotFoundError: No module named 'antlr3.io'
[5/55] Generating IPC interface code
FAILED: /home/zhaoming/legato/build/localhost/framework/supervisor/api/bb7df177711ab31834b767927af35ef0/client/logFd_client.c /home/zhaoming/legato/build/localhost/framework/supervisor/api/bb7df177711ab31834b767927af35ef0/client/logFd_commonclient.c /home/zhaoming/legato/build/localhost/framework/supervisor/api/bb7df177711ab31834b767927af35ef0/client/logFd_interface.h /home/zhaoming/legato/build/localhost/framework/supervisor/api/bb7df177711ab31834b767927af35ef0/client/logFd_service.h 
ifgen --output-dir /home/zhaoming/legato/build/localhost/framework/supervisor/api/bb7df177711ab31834b767927af35ef0/client --gen-client --gen-common-client --gen-interface --gen-local --name-prefix logFd --import-dir /home/zhaoming/legato/interfaces --import-dir /home/zhaoming/legato/framework/include --import-dir /home/zhaoming/legato/build/localhost/framework/include --import-dir /home/zhaoming/legato/build/localhost/framework/include --import-dir /home/zhaoming/legato/framework/liblegato --import-dir /home/zhaoming/legato/framework/liblegato/linux --import-dir /home/zhaoming/legato/interfaces/supervisor --import-dir /home/zhaoming/legato/framework/daemons/linux/start --import-dir /home/zhaoming/legato/framework/daemons/linux/common --import-dir /home/zhaoming/legato/interfaces/platformLimits --import-dir . /home/zhaoming/legato/interfaces/logDaemon/logFd.api
Traceback (most recent call last):
  File "/home/zhaoming/legato/bin/ifgen", line 38, in <module>
    import interfaceParser
  File "/home/zhaoming/legato/framework/tools/ifgen/interfaceParser.py", line 4, in <module>
    from antlr3 import *
  File "/home/zhaoming/legato/framework/tools/ifgen/antlr3/__init__.py", line 151, in <module>
    from .streams import *
  File "/home/zhaoming/legato/framework/tools/ifgen/antlr3/streams.py", line 34, in <module>
    from .io import StringIO
ModuleNotFoundError: No module named 'antlr3.io'
[6/55] Generating IPC interface code
FAILED: /home/zhaoming/legato/build/localhost/framework/supervisor/api/a56e2653d03f56106da37789fcb26bf8/le_appCtrl_common.h /home/zhaoming/legato/build/localhost/framework/supervisor/api/a56e2653d03f56106da37789fcb26bf8/le_appCtrl_messages.h 
ifgen --output-dir /home/zhaoming/legato/build/localhost/framework/supervisor/api/a56e2653d03f56106da37789fcb26bf8 --gen-common-interface --gen-messages --import-dir /home/zhaoming/legato/interfaces --import-dir /home/zhaoming/legato/framework/include --import-dir /home/zhaoming/legato/build/localhost/framework/include --import-dir /home/zhaoming/legato/build/localhost/framework/include --import-dir /home/zhaoming/legato/framework/liblegato --import-dir /home/zhaoming/legato/framework/liblegato/linux --import-dir /home/zhaoming/legato/interfaces/supervisor --import-dir /home/zhaoming/legato/framework/daemons/linux/start --import-dir /home/zhaoming/legato/framework/daemons/linux/common --import-dir /home/zhaoming/legato/interfaces/platformLimits --import-dir . /home/zhaoming/legato/interfaces/le_appCtrl.api
Traceback (most recent call last):
  File "/home/zhaoming/legato/bin/ifgen", line 38, in <module>
    import interfaceParser
  File "/home/zhaoming/legato/framework/tools/ifgen/interfaceParser.py", line 4, in <module>
    from antlr3 import *
  File "/home/zhaoming/legato/framework/tools/ifgen/antlr3/__init__.py", line 151, in <module>
    from .streams import *
  File "/home/zhaoming/legato/framework/tools/ifgen/antlr3/streams.py", line 34, in <module>
    from .io import StringIO
ModuleNotFoundError: No module named 'antlr3.io'
[7/55] Generating IPC interface code
FAILED: /home/zhaoming/legato/build/localhost/framework/supervisor/api/a56e2653d03f56106da37789fcb26bf8/async_server/le_appCtrl_server.c /home/zhaoming/legato/build/localhost/framework/supervisor/api/a56e2653d03f56106da37789fcb26bf8/async_server/le_appCtrl_server.h /home/zhaoming/legato/build/localhost/framework/supervisor/api/a56e2653d03f56106da37789fcb26bf8/async_server/le_appCtrl_service.h 
ifgen --output-dir /home/zhaoming/legato/build/localhost/framework/supervisor/api/a56e2653d03f56106da37789fcb26bf8/async_server --gen-server --gen-server-interface --gen-local --async-server --name-prefix le_appCtrl --import-dir /home/zhaoming/legato/interfaces --import-dir /home/zhaoming/legato/framework/include --import-dir /home/zhaoming/legato/build/localhost/framework/include --import-dir /home/zhaoming/legato/build/localhost/framework/include --import-dir /home/zhaoming/legato/framework/liblegato --import-dir /home/zhaoming/legato/framework/liblegato/linux --import-dir /home/zhaoming/legato/interfaces/supervisor --import-dir /home/zhaoming/legato/framework/daemons/linux/start --import-dir /home/zhaoming/legato/framework/daemons/linux/common --import-dir /home/zhaoming/legato/interfaces/platformLimits --import-dir . /home/zhaoming/legato/interfaces/le_appCtrl.api
Traceback (most recent call last):
  File "/home/zhaoming/legato/bin/ifgen", line 38, in <module>
    import interfaceParser
  File "/home/zhaoming/legato/framework/tools/ifgen/interfaceParser.py", line 4, in <module>
    from antlr3 import *
  File "/home/zhaoming/legato/framework/tools/ifgen/antlr3/__init__.py", line 151, in <module>
    from .streams import *
  File "/home/zhaoming/legato/framework/tools/ifgen/antlr3/streams.py", line 34, in <module>
    from .io import StringIO
ModuleNotFoundError: No module named 'antlr3.io'
[8/55] Generating IPC interface code
FAILED: /home/zhaoming/legato/build/localhost/framework/supervisor/api/4ba2e078c7f8a27e3d305784b64e9f27/client/le_limit_interface.h 
ifgen --output-dir /home/zhaoming/legato/build/localhost/framework/supervisor/api/4ba2e078c7f8a27e3d305784b64e9f27/client --gen-interface --import-dir /home/zhaoming/legato/interfaces --import-dir /home/zhaoming/legato/framework/include --import-dir /home/zhaoming/legato/build/localhost/framework/include --import-dir /home/zhaoming/legato/build/localhost/framework/include --import-dir /home/zhaoming/legato/framework/liblegato --import-dir /home/zhaoming/legato/framework/liblegato/linux --import-dir /home/zhaoming/legato/interfaces/supervisor --import-dir /home/zhaoming/legato/framework/daemons/linux/start --import-dir /home/zhaoming/legato/framework/daemons/linux/common --import-dir /home/zhaoming/legato/interfaces/platformLimits --import-dir . /home/zhaoming/legato/interfaces/le_limit.api
Traceback (most recent call last):
  File "/home/zhaoming/legato/bin/ifgen", line 38, in <module>
    import interfaceParser
  File "/home/zhaoming/legato/framework/tools/ifgen/interfaceParser.py", line 4, in <module>
    from antlr3 import *
  File "/home/zhaoming/legato/framework/tools/ifgen/antlr3/__init__.py", line 151, in <module>
    from .streams import *
  File "/home/zhaoming/legato/framework/tools/ifgen/antlr3/streams.py", line 34, in <module>
    from .io import StringIO
ModuleNotFoundError: No module named 'antlr3.io'
[9/55] Generating IPC interface code
FAILED: /home/zhaoming/legato/build/localhost/framework/supervisor/api/4ba2e078c7f8a27e3d305784b64e9f27/server/le_limit_server.h 
ifgen --output-dir /home/zhaoming/legato/build/localhost/framework/supervisor/api/4ba2e078c7f8a27e3d305784b64e9f27/server --gen-server-interface --import-dir /home/zhaoming/legato/interfaces --import-dir /home/zhaoming/legato/framework/include --import-dir /home/zhaoming/legato/build/localhost/framework/include --import-dir /home/zhaoming/legato/build/localhost/framework/include --import-dir /home/zhaoming/legato/framework/liblegato --import-dir /home/zhaoming/legato/framework/liblegato/linux --import-dir /home/zhaoming/legato/interfaces/supervisor --import-dir /home/zhaoming/legato/framework/daemons/linux/start --import-dir /home/zhaoming/legato/framework/daemons/linux/common --import-dir /home/zhaoming/legato/interfaces/platformLimits --import-dir . /home/zhaoming/legato/interfaces/le_limit.api
Traceback (most recent call last):
  File "/home/zhaoming/legato/bin/ifgen", line 38, in <module>
    import interfaceParser
  File "/home/zhaoming/legato/framework/tools/ifgen/interfaceParser.py", line 4, in <module>
    from antlr3 import *
  File "/home/zhaoming/legato/framework/tools/ifgen/antlr3/__init__.py", line 151, in <module>
    from .streams import *
  File "/home/zhaoming/legato/framework/tools/ifgen/antlr3/streams.py", line 34, in <module>
    from .io import StringIO
ModuleNotFoundError: No module named 'antlr3.io'
[10/55] Generating IPC interface code
FAILED: /home/zhaoming/legato/build/localhost/framework/supervisor/api/ce3492c03da840b8c4b93443e86617e3/le_framework_common.h /home/zhaoming/legato/build/localhost/framework/supervisor/api/ce3492c03da840b8c4b93443e86617e3/le_framework_messages.h 
ifgen --output-dir /home/zhaoming/legato/build/localhost/framework/supervisor/api/ce3492c03da840b8c4b93443e86617e3 --gen-common-interface --gen-messages --import-dir /home/zhaoming/legato/interfaces --import-dir /home/zhaoming/legato/framework/include --import-dir /home/zhaoming/legato/build/localhost/framework/include --import-dir /home/zhaoming/legato/build/localhost/framework/include --import-dir /home/zhaoming/legato/framework/liblegato --import-dir /home/zhaoming/legato/framework/liblegato/linux --import-dir /home/zhaoming/legato/interfaces/supervisor --import-dir /home/zhaoming/legato/framework/daemons/linux/start --import-dir /home/zhaoming/legato/framework/daemons/linux/common --import-dir /home/zhaoming/legato/interfaces/platformLimits --import-dir . /home/zhaoming/legato/interfaces/le_framework.api
Traceback (most recent call last):
  File "/home/zhaoming/legato/bin/ifgen", line 38, in <module>
    import interfaceParser
  File "/home/zhaoming/legato/framework/tools/ifgen/interfaceParser.py", line 4, in <module>
    from antlr3 import *
  File "/home/zhaoming/legato/framework/tools/ifgen/antlr3/__init__.py", line 151, in <module>
    from .streams import *
  File "/home/zhaoming/legato/framework/tools/ifgen/antlr3/streams.py", line 34, in <module>
    from .io import StringIO
ModuleNotFoundError: No module named 'antlr3.io'
[11/55] Generating IPC interface code
FAILED: /home/zhaoming/legato/build/localhost/framework/supervisor/api/acd84bb242bfbacde67f1525b4f688d4/client/le_cfg_client.c /home/zhaoming/legato/build/localhost/framework/supervisor/api/acd84bb242bfbacde67f1525b4f688d4/client/le_cfg_commonclient.c /home/zhaoming/legato/build/localhost/framework/supervisor/api/acd84bb242bfbacde67f1525b4f688d4/client/le_cfg_interface.h /home/zhaoming/legato/build/localhost/framework/supervisor/api/acd84bb242bfbacde67f1525b4f688d4/client/le_cfg_service.h 
ifgen --output-dir /home/zhaoming/legato/build/localhost/framework/supervisor/api/acd84bb242bfbacde67f1525b4f688d4/client --gen-client --gen-common-client --gen-interface --gen-local --name-prefix le_cfg --import-dir /home/zhaoming/legato/interfaces --import-dir /home/zhaoming/legato/framework/include --import-dir /home/zhaoming/legato/build/localhost/framework/include --import-dir /home/zhaoming/legato/build/localhost/framework/include --import-dir /home/zhaoming/legato/framework/liblegato --import-dir /home/zhaoming/legato/framework/liblegato/linux --import-dir /home/zhaoming/legato/interfaces/supervisor --import-dir /home/zhaoming/legato/framework/daemons/linux/start --import-dir /home/zhaoming/legato/framework/daemons/linux/common --import-dir /home/zhaoming/legato/interfaces/platformLimits --import-dir . /home/zhaoming/legato/interfaces/le_cfg.api
Traceback (most recent call last):
  File "/home/zhaoming/legato/bin/ifgen", line 38, in <module>
    import interfaceParser
  File "/home/zhaoming/legato/framework/tools/ifgen/interfaceParser.py", line 4, in <module>
    from antlr3 import *
  File "/home/zhaoming/legato/framework/tools/ifgen/antlr3/__init__.py", line 151, in <module>
    from .streams import *
  File "/home/zhaoming/legato/framework/tools/ifgen/antlr3/streams.py", line 34, in <module>
    from .io import StringIO
ModuleNotFoundError: No module named 'antlr3.io'
[12/55] Generating IPC interface code
FAILED: /home/zhaoming/legato/build/localhost/framework/supervisor/api/4ba2e078c7f8a27e3d305784b64e9f27/le_limit_common.h 
ifgen --output-dir /home/zhaoming/legato/build/localhost/framework/supervisor/api/4ba2e078c7f8a27e3d305784b64e9f27 --gen-common-interface --import-dir /home/zhaoming/legato/interfaces --import-dir /home/zhaoming/legato/framework/include --import-dir /home/zhaoming/legato/build/localhost/framework/include --import-dir /home/zhaoming/legato/build/localhost/framework/include --import-dir /home/zhaoming/legato/framework/liblegato --import-dir /home/zhaoming/legato/framework/liblegato/linux --import-dir /home/zhaoming/legato/interfaces/supervisor --import-dir /home/zhaoming/legato/framework/daemons/linux/start --import-dir /home/zhaoming/legato/framework/daemons/linux/common --import-dir /home/zhaoming/legato/interfaces/platformLimits --import-dir . /home/zhaoming/legato/interfaces/le_limit.api
Traceback (most recent call last):
  File "/home/zhaoming/legato/bin/ifgen", line 38, in <module>
    import interfaceParser
  File "/home/zhaoming/legato/framework/tools/ifgen/interfaceParser.py", line 4, in <module>
    from antlr3 import *
  File "/home/zhaoming/legato/framework/tools/ifgen/antlr3/__init__.py", line 151, in <module>
    from .streams import *
  File "/home/zhaoming/legato/framework/tools/ifgen/antlr3/streams.py", line 34, in <module>
    from .io import StringIO
ModuleNotFoundError: No module named 'antlr3.io'
[13/55] Compiling C source
[14/55] Compiling C source
ninja: build stopped: subcommand failed.
make[2]: *** [Makefile.framework:341: /home/zhaoming/legato/build/localhost/framework/bin/supervisor] Error 1
make[2]: Leaving directory '/home/zhaoming/legato'
make[1]: *** [Makefile:566: framework] Error 2
make[1]: Leaving directory '/home/zhaoming/legato'
make: *** [Makefile:484: default] Error 2
